{"actions":[{"display_line":20,"text":"[R]evert file","type":"diff_revert_selected_file","key":"R","args":["1f593f7ed419c95d3995f8ef4b98d4e571c3a492"],"range":{"from":20,"to":20}},{"display_line":20,"text":"Revert [A]ll","type":"diff_revert_all","key":"A","args":["1f593f7ed419c95d3995f8ef4b98d4e571c3a492"],"range":{"from":20,"to":20}},{"display_line":20,"text":"[D]iff","type":"diff_open","key":"D","args":["1f593f7ed419c95d3995f8ef4b98d4e571c3a492"],"range":{"from":20,"to":20}}],"extmarks":[[1,2,0,{"right_gravity":true,"virt_text":[["▌󰭻 ","OpencodeMessageRoleUser"],[" "],["USER","OpencodeMessageRoleUser"],["","OpencodeHint"],[" (2025-10-12 06:42:56)","OpencodeHint"],[" [msg_9d7287269001C5gRusYfX7A1w1]","OpencodeHint"]],"virt_text_hide":false,"virt_text_win_col":-3,"virt_text_repeat_linebreak":false,"ns_id":3,"virt_text_pos":"win_col","priority":10}],[2,3,0,{"right_gravity":true,"virt_text":[["▌","OpencodeMessageRoleUser"]],"virt_text_hide":false,"virt_text_win_col":-3,"virt_text_repeat_linebreak":true,"ns_id":3,"virt_text_pos":"win_col","priority":4096}],[3,4,0,{"right_gravity":true,"virt_text":[["▌","OpencodeMessageRoleUser"]],"virt_text_hide":false,"virt_text_win_col":-3,"virt_text_repeat_linebreak":true,"ns_id":3,"virt_text_pos":"win_col","priority":4096}],[4,5,0,{"right_gravity":true,"virt_text":[["▌","OpencodeMessageRoleUser"]],"virt_text_hide":false,"virt_text_win_col":-3,"virt_text_repeat_linebreak":true,"ns_id":3,"virt_text_pos":"win_col","priority":4096}],[5,6,0,{"right_gravity":true,"virt_text":[["▌","OpencodeMessageRoleUser"]],"virt_text_hide":false,"virt_text_win_col":-3,"virt_text_repeat_linebreak":true,"ns_id":3,"virt_text_pos":"win_col","priority":4096}],[6,9,0,{"right_gravity":true,"virt_text":[[" ","OpencodeMessageRoleAssistant"],[" "],["BUILD","OpencodeMessageRoleAssistant"],[" claude-sonnet-4.5","OpencodeHint"],[" (2025-10-12 06:42:56)","OpencodeHint"],[" [msg_9d7287287001HVwpPaH7WkRVdN]","OpencodeHint"]],"virt_text_hide":false,"virt_text_win_col":-3,"virt_text_repeat_linebreak":false,"ns_id":3,"virt_text_pos":"win_col","priority":10}],[7,11,0,{"right_gravity":true,"virt_text":[["▌","OpencodeToolBorder"]],"virt_text_hide":false,"virt_text_win_col":-1,"virt_text_repeat_linebreak":true,"ns_id":3,"virt_text_pos":"win_col","priority":4096}],[8,12,0,{"right_gravity":true,"virt_text":[["▌","OpencodeToolBorder"]],"virt_text_hide":false,"virt_text_win_col":-1,"virt_text_repeat_linebreak":true,"ns_id":3,"virt_text_pos":"win_col","priority":4096}],[9,13,0,{"right_gravity":true,"virt_text":[["▌","OpencodeToolBorder"]],"virt_text_hide":false,"virt_text_win_col":-1,"virt_text_repeat_linebreak":true,"ns_id":3,"virt_text_pos":"win_col","priority":4096}],[10,14,0,{"virt_text":[["-","OpencodeDiffDelete"]],"priority":5000,"end_col":0,"end_row":15,"hl_eol":true,"right_gravity":true,"end_right_gravity":false,"virt_text_hide":false,"virt_text_repeat_linebreak":false,"ns_id":3,"hl_group":"OpencodeDiffDelete","virt_text_pos":"overlay"}],[11,14,0,{"right_gravity":true,"virt_text":[["▌","OpencodeToolBorder"]],"virt_text_hide":false,"virt_text_win_col":-1,"virt_text_repeat_linebreak":true,"ns_id":3,"virt_text_pos":"win_col","priority":4096}],[12,15,0,{"virt_text":[["+","OpencodeDiffAdd"]],"priority":5000,"end_col":0,"end_row":16,"hl_eol":true,"right_gravity":true,"end_right_gravity":false,"virt_text_hide":false,"virt_text_repeat_linebreak":false,"ns_id":3,"hl_group":"OpencodeDiffAdd","virt_text_pos":"overlay"}],[13,15,0,{"right_gravity":true,"virt_text":[["▌","OpencodeToolBorder"]],"virt_text_hide":false,"virt_text_win_col":-1,"virt_text_repeat_linebreak":true,"ns_id":3,"virt_text_pos":"win_col","priority":4096}],[14,16,0,{"right_gravity":true,"virt_text":[["▌","OpencodeToolBorder"]],"virt_text_hide":false,"virt_text_win_col":-1,"virt_text_repeat_linebreak":true,"ns_id":3,"virt_text_pos":"win_col","priority":4096}],[15,17,0,{"right_gravity":true,"virt_text":[["▌","OpencodeToolBorder"]],"virt_text_hide":false,"virt_text_win_col":-1,"virt_text_repeat_linebreak":true,"ns_id":3,"virt_text_pos":"win_col","priority":4096}],[16,22,0,{"right_gravity":true,"virt_text":[[" ","OpencodeMessageRoleAssistant"],[" "],["BUILD","OpencodeMessageRoleAssistant"],[" claude-sonnet-4.5","OpencodeHint"],[" (2025-10-12 06:43:03)","OpencodeHint"],[" [msg_9d7288f2f001hW6NqqhtBc72UU]","OpencodeHint"]],"virt_text_hide":false,"virt_text_win_col":-3,"virt_text_repeat_linebreak":false,"ns_id":3,"virt_text_pos":"win_col","priority":10}]],"lines":["","----","","","can you add \"great\" before \"string\" in @diff-test.txt?","","[diff-test.txt](diff-test.txt)","","----","","","**  edit** `diff-test.txt`","","```txt"," this is a string"," this is a great string","","```","","**󰻛  Created Snapshot** `1f593f7e`","","----","",""],"timestamp":1760658597}