{"actions":[],"extmarks":[[1,2,0,{"virt_text_pos":"win_col","virt_text":[["▌󰭻 ","OpencodeMessageRoleUser"],[" "],["USER","OpencodeMessageRoleUser"],["","OpencodeHint"],[" (2025-10-12 14:56:20)","OpencodeHint"],[" [msg_9d8ec2a46001D1TtyCg3aR7o97]","OpencodeHint"]],"virt_text_win_col":-3,"right_gravity":true,"priority":10,"virt_text_hide":false,"ns_id":3,"virt_text_repeat_linebreak":false}],[2,3,0,{"virt_text_pos":"win_col","virt_text":[["▌","OpencodeMessageRoleUser"]],"virt_text_win_col":-3,"right_gravity":true,"priority":4096,"virt_text_hide":false,"ns_id":3,"virt_text_repeat_linebreak":true}],[3,4,0,{"virt_text_pos":"win_col","virt_text":[["▌","OpencodeMessageRoleUser"]],"virt_text_win_col":-3,"right_gravity":true,"priority":4096,"virt_text_hide":false,"ns_id":3,"virt_text_repeat_linebreak":true}],[4,5,0,{"virt_text_pos":"win_col","virt_text":[["▌","OpencodeMessageRoleUser"]],"virt_text_win_col":-3,"right_gravity":true,"priority":4096,"virt_text_hide":false,"ns_id":3,"virt_text_repeat_linebreak":true}],[5,6,0,{"virt_text_pos":"win_col","virt_text":[["▌","OpencodeMessageRoleUser"]],"virt_text_win_col":-3,"right_gravity":true,"priority":4096,"virt_text_hide":false,"ns_id":3,"virt_text_repeat_linebreak":true}],[6,9,0,{"virt_text_pos":"win_col","virt_text":[[" ","OpencodeMessageRoleAssistant"],[" "],["BUILD","OpencodeMessageRoleAssistant"],[" claude-sonnet-4.5","OpencodeHint"],[" (2025-10-12 14:56:20)","OpencodeHint"],[" [msg_9d8ec2a9f001uOK35RyLnct2b1]","OpencodeHint"]],"virt_text_win_col":-3,"right_gravity":true,"priority":10,"virt_text_hide":false,"ns_id":3,"virt_text_repeat_linebreak":false}],[7,19,0,{"virt_text_pos":"win_col","virt_text":[["▌","OpencodeToolBorder"]],"virt_text_win_col":-1,"right_gravity":true,"priority":4096,"virt_text_hide":false,"ns_id":3,"virt_text_repeat_linebreak":true}],[8,20,0,{"virt_text_pos":"win_col","virt_text":[["▌","OpencodeToolBorder"]],"virt_text_win_col":-1,"right_gravity":true,"priority":4096,"virt_text_hide":false,"ns_id":3,"virt_text_repeat_linebreak":true}],[9,21,0,{"virt_text_pos":"win_col","virt_text":[["▌","OpencodeToolBorder"]],"virt_text_win_col":-1,"right_gravity":true,"priority":4096,"virt_text_hide":false,"ns_id":3,"virt_text_repeat_linebreak":true}],[10,22,0,{"virt_text_pos":"win_col","virt_text":[["▌","OpencodeToolBorder"]],"virt_text_win_col":-1,"right_gravity":true,"priority":4096,"virt_text_hide":false,"ns_id":3,"virt_text_repeat_linebreak":true}],[11,25,0,{"virt_text_pos":"win_col","virt_text":[[" ","OpencodeMessageRoleAssistant"],[" "],["BUILD","OpencodeMessageRoleAssistant"],[" claude-sonnet-4.5","OpencodeHint"],[" (2025-10-12 14:56:27)","OpencodeHint"],[" [msg_9d8ec47a8001Fd2VJ7LRBrj8AF]","OpencodeHint"]],"virt_text_win_col":-3,"right_gravity":true,"priority":10,"virt_text_hide":false,"ns_id":3,"virt_text_repeat_linebreak":false}],[12,31,0,{"virt_text_pos":"win_col","virt_text":[[" ","OpencodeMessageRoleAssistant"],[" "],["BUILD","OpencodeMessageRoleAssistant"],[" claude-sonnet-4.5","OpencodeHint"],[" (2025-10-12 14:56:30)","OpencodeHint"],[" [msg_9d8ec5310001qTVklk5oFvS00E]","OpencodeHint"]],"virt_text_win_col":-3,"right_gravity":true,"priority":10,"virt_text_hide":false,"ns_id":3,"virt_text_repeat_linebreak":false}],[13,36,0,{"virt_text_pos":"win_col","virt_text":[[" ","OpencodeMessageRoleAssistant"],[" "],["BUILD","OpencodeMessageRoleAssistant"],[" claude-sonnet-4.5","OpencodeHint"],[" (2025-10-12 14:56:33)","OpencodeHint"],[" [msg_9d8ec5d1e001Umy9DbvgL0mk76]","OpencodeHint"]],"virt_text_win_col":-3,"right_gravity":true,"priority":10,"virt_text_hide":false,"ns_id":3,"virt_text_repeat_linebreak":false}],[14,42,0,{"virt_text_pos":"win_col","virt_text":[["▌","OpencodeToolBorder"]],"virt_text_win_col":-1,"right_gravity":true,"priority":4096,"virt_text_hide":false,"ns_id":3,"virt_text_repeat_linebreak":true}],[15,43,0,{"virt_text_pos":"win_col","virt_text":[["▌","OpencodeToolBorder"]],"virt_text_win_col":-1,"right_gravity":true,"priority":4096,"virt_text_hide":false,"ns_id":3,"virt_text_repeat_linebreak":true}],[16,44,0,{"virt_text_pos":"win_col","virt_text":[["▌","OpencodeToolBorder"]],"virt_text_win_col":-1,"right_gravity":true,"priority":4096,"virt_text_hide":false,"ns_id":3,"virt_text_repeat_linebreak":true}],[17,45,0,{"virt_text_pos":"win_col","virt_text":[["▌","OpencodeToolBorder"]],"virt_text_win_col":-1,"right_gravity":true,"priority":4096,"virt_text_hide":false,"ns_id":3,"virt_text_repeat_linebreak":true}],[18,46,0,{"virt_text_pos":"win_col","virt_text":[["▌","OpencodeToolBorder"]],"virt_text_win_col":-1,"right_gravity":true,"priority":4096,"virt_text_hide":false,"ns_id":3,"virt_text_repeat_linebreak":true}],[19,49,0,{"virt_text_pos":"win_col","virt_text":[[" ","OpencodeMessageRoleAssistant"],[" "],["BUILD","OpencodeMessageRoleAssistant"],[" claude-sonnet-4.5","OpencodeHint"],[" (2025-10-12 14:56:38)","OpencodeHint"],[" [msg_9d8ec708e001lrLTmgiWPbSYeN]","OpencodeHint"]],"virt_text_win_col":-3,"right_gravity":true,"priority":10,"virt_text_hide":false,"ns_id":3,"virt_text_repeat_linebreak":false}],[20,56,0,{"virt_text_pos":"win_col","virt_text":[[" ","OpencodeMessageRoleAssistant"],[" "],["BUILD","OpencodeMessageRoleAssistant"],[" claude-sonnet-4.5","OpencodeHint"],[" (2025-10-12 14:56:41)","OpencodeHint"],[" [msg_9d8ec7fa7001zpzhgmQUAz1uIN]","OpencodeHint"]],"virt_text_win_col":-3,"right_gravity":true,"priority":10,"virt_text_hide":false,"ns_id":3,"virt_text_repeat_linebreak":false}],[21,60,0,{"virt_text_pos":"win_col","virt_text":[["▌","OpencodeToolBorder"]],"virt_text_win_col":-1,"right_gravity":true,"priority":4096,"virt_text_hide":false,"ns_id":3,"virt_text_repeat_linebreak":true}],[22,61,0,{"virt_text_pos":"win_col","virt_text":[["▌","OpencodeToolBorder"]],"virt_text_win_col":-1,"right_gravity":true,"priority":4096,"virt_text_hide":false,"ns_id":3,"virt_text_repeat_linebreak":true}],[23,62,0,{"virt_text_pos":"win_col","virt_text":[["▌","OpencodeToolBorder"]],"virt_text_win_col":-1,"right_gravity":true,"priority":4096,"virt_text_hide":false,"ns_id":3,"virt_text_repeat_linebreak":true}],[24,63,0,{"virt_text_pos":"win_col","virt_text":[["▌","OpencodeToolBorder"]],"virt_text_win_col":-1,"right_gravity":true,"priority":4096,"virt_text_hide":false,"ns_id":3,"virt_text_repeat_linebreak":true}],[25,64,0,{"virt_text_pos":"win_col","virt_text":[["▌","OpencodeToolBorder"]],"virt_text_win_col":-1,"right_gravity":true,"priority":4096,"virt_text_hide":false,"ns_id":3,"virt_text_repeat_linebreak":true}],[26,67,0,{"virt_text_pos":"win_col","virt_text":[[" ","OpencodeMessageRoleAssistant"],[" "],["BUILD","OpencodeMessageRoleAssistant"],[" claude-sonnet-4.5","OpencodeHint"],[" (2025-10-12 14:56:46)","OpencodeHint"],[" [msg_9d8ec9105001k6kWv2IJB5sIEu]","OpencodeHint"]],"virt_text_win_col":-3,"right_gravity":true,"priority":10,"virt_text_hide":false,"ns_id":3,"virt_text_repeat_linebreak":false}],[27,69,0,{"virt_text_pos":"win_col","virt_text":[["▌","OpencodeToolBorder"]],"virt_text_win_col":-1,"right_gravity":true,"priority":4096,"virt_text_hide":false,"ns_id":3,"virt_text_repeat_linebreak":true}],[28,70,0,{"virt_text_pos":"win_col","virt_text":[["▌","OpencodeToolBorder"]],"virt_text_win_col":-1,"right_gravity":true,"priority":4096,"virt_text_hide":false,"ns_id":3,"virt_text_repeat_linebreak":true}],[29,71,0,{"virt_text_pos":"win_col","virt_text":[["▌","OpencodeToolBorder"]],"virt_text_win_col":-1,"right_gravity":true,"priority":4096,"virt_text_hide":false,"ns_id":3,"virt_text_repeat_linebreak":true}],[30,72,0,{"virt_text_pos":"win_col","virt_text":[["▌","OpencodeToolBorder"]],"virt_text_win_col":-1,"right_gravity":true,"priority":4096,"virt_text_hide":false,"ns_id":3,"virt_text_repeat_linebreak":true}],[31,73,0,{"virt_text_pos":"win_col","virt_text":[["▌","OpencodeToolBorder"]],"virt_text_win_col":-1,"right_gravity":true,"priority":4096,"virt_text_hide":false,"ns_id":3,"virt_text_repeat_linebreak":true}],[32,76,0,{"virt_text_pos":"win_col","virt_text":[[" ","OpencodeMessageRoleAssistant"],[" "],["BUILD","OpencodeMessageRoleAssistant"],[" claude-sonnet-4.5","OpencodeHint"],[" (2025-10-12 14:56:49)","OpencodeHint"],[" [msg_9d8ec9ce4001CV2dSm31xky1f5]","OpencodeHint"]],"virt_text_win_col":-3,"right_gravity":true,"priority":10,"virt_text_hide":false,"ns_id":3,"virt_text_repeat_linebreak":false}],[33,80,0,{"virt_text_pos":"win_col","virt_text":[["▌","OpencodeToolBorder"]],"virt_text_win_col":-1,"right_gravity":true,"priority":4096,"virt_text_hide":false,"ns_id":3,"virt_text_repeat_linebreak":true}],[34,81,0,{"virt_text_pos":"win_col","virt_text":[["▌","OpencodeToolBorder"]],"virt_text_win_col":-1,"right_gravity":true,"priority":4096,"virt_text_hide":false,"ns_id":3,"virt_text_repeat_linebreak":true}],[35,82,0,{"virt_text_pos":"win_col","virt_text":[["▌","OpencodeToolBorder"]],"virt_text_win_col":-1,"right_gravity":true,"priority":4096,"virt_text_hide":false,"ns_id":3,"virt_text_repeat_linebreak":true}],[36,83,0,{"virt_text_pos":"win_col","virt_text":[["▌","OpencodeToolBorder"]],"virt_text_win_col":-1,"right_gravity":true,"priority":4096,"virt_text_hide":false,"ns_id":3,"virt_text_repeat_linebreak":true}],[37,84,0,{"virt_text_pos":"win_col","virt_text":[["▌","OpencodeToolBorder"]],"virt_text_win_col":-1,"right_gravity":true,"priority":4096,"virt_text_hide":false,"ns_id":3,"virt_text_repeat_linebreak":true}],[38,87,0,{"virt_text_pos":"win_col","virt_text":[[" ","OpencodeMessageRoleAssistant"],[" "],["BUILD","OpencodeMessageRoleAssistant"],[" claude-sonnet-4.5","OpencodeHint"],[" (2025-10-12 14:56:52)","OpencodeHint"],[" [msg_9d8ecaa9f001scSNwtORoGqKra]","OpencodeHint"]],"virt_text_win_col":-3,"right_gravity":true,"priority":10,"virt_text_hide":false,"ns_id":3,"virt_text_repeat_linebreak":false}],[39,91,0,{"virt_text_pos":"win_col","virt_text":[["▌","OpencodeToolBorder"]],"virt_text_win_col":-1,"right_gravity":true,"priority":4096,"virt_text_hide":false,"ns_id":3,"virt_text_repeat_linebreak":true}],[40,92,0,{"virt_text_pos":"win_col","virt_text":[["▌","OpencodeToolBorder"]],"virt_text_win_col":-1,"right_gravity":true,"priority":4096,"virt_text_hide":false,"ns_id":3,"virt_text_repeat_linebreak":true}],[41,93,0,{"virt_text_pos":"win_col","virt_text":[["▌","OpencodeToolBorder"]],"virt_text_win_col":-1,"right_gravity":true,"priority":4096,"virt_text_hide":false,"ns_id":3,"virt_text_repeat_linebreak":true}],[42,94,0,{"virt_text_pos":"win_col","virt_text":[["▌","OpencodeToolBorder"]],"virt_text_win_col":-1,"right_gravity":true,"priority":4096,"virt_text_hide":false,"ns_id":3,"virt_text_repeat_linebreak":true}],[43,95,0,{"virt_text_pos":"win_col","virt_text":[["▌","OpencodeToolBorder"]],"virt_text_win_col":-1,"right_gravity":true,"priority":4096,"virt_text_hide":false,"ns_id":3,"virt_text_repeat_linebreak":true}],[44,98,0,{"virt_text_pos":"win_col","virt_text":[[" ","OpencodeMessageRoleAssistant"],[" "],["BUILD","OpencodeMessageRoleAssistant"],[" claude-sonnet-4.5","OpencodeHint"],[" (2025-10-12 14:56:55)","OpencodeHint"],[" [msg_9d8ecb6b8001LyTb1Pp75AENAa]","OpencodeHint"]],"virt_text_win_col":-3,"right_gravity":true,"priority":10,"virt_text_hide":false,"ns_id":3,"virt_text_repeat_linebreak":false}],[45,105,0,{"virt_text_pos":"win_col","virt_text":[[" ","OpencodeMessageRoleAssistant"],[" "],["BUILD","OpencodeMessageRoleAssistant"],[" claude-sonnet-4.5","OpencodeHint"],[" (2025-10-12 14:56:59)","OpencodeHint"],[" [msg_9d8ecc3b20019L3zs8pytlmUHc]","OpencodeHint"]],"virt_text_win_col":-3,"right_gravity":true,"priority":10,"virt_text_hide":false,"ns_id":3,"virt_text_repeat_linebreak":false}],[46,115,0,{"virt_text_pos":"win_col","virt_text":[["▌","OpencodeToolBorder"]],"virt_text_win_col":-1,"right_gravity":true,"priority":4096,"virt_text_hide":false,"ns_id":3,"virt_text_repeat_linebreak":true}],[47,116,0,{"virt_text_pos":"win_col","virt_text":[["▌","OpencodeToolBorder"]],"virt_text_win_col":-1,"right_gravity":true,"priority":4096,"virt_text_hide":false,"ns_id":3,"virt_text_repeat_linebreak":true}],[48,117,0,{"virt_text_pos":"win_col","virt_text":[["▌","OpencodeToolBorder"]],"virt_text_win_col":-1,"right_gravity":true,"priority":4096,"virt_text_hide":false,"ns_id":3,"virt_text_repeat_linebreak":true}],[49,118,0,{"virt_text_pos":"win_col","virt_text":[["▌","OpencodeToolBorder"]],"virt_text_win_col":-1,"right_gravity":true,"priority":4096,"virt_text_hide":false,"ns_id":3,"virt_text_repeat_linebreak":true}],[50,119,0,{"virt_text_pos":"win_col","virt_text":[["▌","OpencodeToolBorder"]],"virt_text_win_col":-1,"right_gravity":true,"priority":4096,"virt_text_hide":false,"ns_id":3,"virt_text_repeat_linebreak":true}],[51,120,0,{"virt_text_pos":"win_col","virt_text":[["▌","OpencodeToolBorder"]],"virt_text_win_col":-1,"right_gravity":true,"priority":4096,"virt_text_hide":false,"ns_id":3,"virt_text_repeat_linebreak":true}],[52,121,0,{"virt_text_pos":"win_col","virt_text":[["▌","OpencodeToolBorder"]],"virt_text_win_col":-1,"right_gravity":true,"priority":4096,"virt_text_hide":false,"ns_id":3,"virt_text_repeat_linebreak":true}],[53,122,0,{"end_col":0,"end_row":123,"hl_eol":true,"right_gravity":true,"end_right_gravity":false,"virt_text_hide":false,"ns_id":3,"virt_text_repeat_linebreak":false,"hl_group":"OpencodeDiffDelete","virt_text":[["-","OpencodeDiffDelete"]],"virt_text_pos":"overlay","priority":5000}],[54,122,0,{"virt_text_pos":"win_col","virt_text":[["▌","OpencodeToolBorder"]],"virt_text_win_col":-1,"right_gravity":true,"priority":4096,"virt_text_hide":false,"ns_id":3,"virt_text_repeat_linebreak":true}],[55,123,0,{"end_col":0,"end_row":124,"hl_eol":true,"right_gravity":true,"end_right_gravity":false,"virt_text_hide":false,"ns_id":3,"virt_text_repeat_linebreak":false,"hl_group":"OpencodeDiffAdd","virt_text":[["+","OpencodeDiffAdd"]],"virt_text_pos":"overlay","priority":5000}],[56,123,0,{"virt_text_pos":"win_col","virt_text":[["▌","OpencodeToolBorder"]],"virt_text_win_col":-1,"right_gravity":true,"priority":4096,"virt_text_hide":false,"ns_id":3,"virt_text_repeat_linebreak":true}],[57,124,0,{"virt_text_pos":"win_col","virt_text":[["▌","OpencodeToolBorder"]],"virt_text_win_col":-1,"right_gravity":true,"priority":4096,"virt_text_hide":false,"ns_id":3,"virt_text_repeat_linebreak":true}],[58,125,0,{"virt_text_pos":"win_col","virt_text":[["▌","OpencodeToolBorder"]],"virt_text_win_col":-1,"right_gravity":true,"priority":4096,"virt_text_hide":false,"ns_id":3,"virt_text_repeat_linebreak":true}],[59,126,0,{"virt_text_pos":"win_col","virt_text":[["▌","OpencodeToolBorder"]],"virt_text_win_col":-1,"right_gravity":true,"priority":4096,"virt_text_hide":false,"ns_id":3,"virt_text_repeat_linebreak":true}],[60,127,0,{"end_col":0,"end_row":128,"hl_eol":true,"right_gravity":true,"end_right_gravity":false,"virt_text_hide":false,"ns_id":3,"virt_text_repeat_linebreak":false,"hl_group":"OpencodeDiffDelete","virt_text":[["-","OpencodeDiffDelete"]],"virt_text_pos":"overlay","priority":5000}],[61,127,0,{"virt_text_pos":"win_col","virt_text":[["▌","OpencodeToolBorder"]],"virt_text_win_col":-1,"right_gravity":true,"priority":4096,"virt_text_hide":false,"ns_id":3,"virt_text_repeat_linebreak":true}],[62,128,0,{"end_col":0,"end_row":129,"hl_eol":true,"right_gravity":true,"end_right_gravity":false,"virt_text_hide":false,"ns_id":3,"virt_text_repeat_linebreak":false,"hl_group":"OpencodeDiffDelete","virt_text":[["-","OpencodeDiffDelete"]],"virt_text_pos":"overlay","priority":5000}],[63,128,0,{"virt_text_pos":"win_col","virt_text":[["▌","OpencodeToolBorder"]],"virt_text_win_col":-1,"right_gravity":true,"priority":4096,"virt_text_hide":false,"ns_id":3,"virt_text_repeat_linebreak":true}],[64,129,0,{"virt_text_pos":"win_col","virt_text":[["▌","OpencodeToolBorder"]],"virt_text_win_col":-1,"right_gravity":true,"priority":4096,"virt_text_hide":false,"ns_id":3,"virt_text_repeat_linebreak":true}],[65,130,0,{"virt_text_pos":"win_col","virt_text":[["▌","OpencodeToolBorder"]],"virt_text_win_col":-1,"right_gravity":true,"priority":4096,"virt_text_hide":false,"ns_id":3,"virt_text_repeat_linebreak":true}],[66,131,0,{"virt_text_pos":"win_col","virt_text":[["▌","OpencodeToolBorder"]],"virt_text_win_col":-1,"right_gravity":true,"priority":4096,"virt_text_hide":false,"ns_id":3,"virt_text_repeat_linebreak":true}],[67,132,0,{"virt_text_pos":"win_col","virt_text":[["▌","OpencodeToolBorder"]],"virt_text_win_col":-1,"right_gravity":true,"priority":4096,"virt_text_hide":false,"ns_id":3,"virt_text_repeat_linebreak":true}],[68,133,0,{"virt_text_pos":"win_col","virt_text":[["▌","OpencodeToolBorder"]],"virt_text_win_col":-1,"right_gravity":true,"priority":4096,"virt_text_hide":false,"ns_id":3,"virt_text_repeat_linebreak":true}],[69,134,0,{"virt_text_pos":"win_col","virt_text":[["▌","OpencodeToolBorder"]],"virt_text_win_col":-1,"right_gravity":true,"priority":4096,"virt_text_hide":false,"ns_id":3,"virt_text_repeat_linebreak":true}],[70,135,0,{"virt_text_pos":"win_col","virt_text":[["▌","OpencodeToolBorder"]],"virt_text_win_col":-1,"right_gravity":true,"priority":4096,"virt_text_hide":false,"ns_id":3,"virt_text_repeat_linebreak":true}],[71,136,0,{"virt_text_pos":"win_col","virt_text":[["▌","OpencodeToolBorder"]],"virt_text_win_col":-1,"right_gravity":true,"priority":4096,"virt_text_hide":false,"ns_id":3,"virt_text_repeat_linebreak":true}],[72,137,0,{"virt_text_pos":"win_col","virt_text":[["▌","OpencodeToolBorder"]],"virt_text_win_col":-1,"right_gravity":true,"priority":4096,"virt_text_hide":false,"ns_id":3,"virt_text_repeat_linebreak":true}],[73,138,0,{"end_col":0,"end_row":139,"hl_eol":true,"right_gravity":true,"end_right_gravity":false,"virt_text_hide":false,"ns_id":3,"virt_text_repeat_linebreak":false,"hl_group":"OpencodeDiffAdd","virt_text":[["+","OpencodeDiffAdd"]],"virt_text_pos":"overlay","priority":5000}],[74,138,0,{"virt_text_pos":"win_col","virt_text":[["▌","OpencodeToolBorder"]],"virt_text_win_col":-1,"right_gravity":true,"priority":4096,"virt_text_hide":false,"ns_id":3,"virt_text_repeat_linebreak":true}],[75,139,0,{"end_col":0,"end_row":140,"hl_eol":true,"right_gravity":true,"end_right_gravity":false,"virt_text_hide":false,"ns_id":3,"virt_text_repeat_linebreak":false,"hl_group":"OpencodeDiffAdd","virt_text":[["+","OpencodeDiffAdd"]],"virt_text_pos":"overlay","priority":5000}],[76,139,0,{"virt_text_pos":"win_col","virt_text":[["▌","OpencodeToolBorder"]],"virt_text_win_col":-1,"right_gravity":true,"priority":4096,"virt_text_hide":false,"ns_id":3,"virt_text_repeat_linebreak":true}],[77,140,0,{"end_col":0,"end_row":141,"hl_eol":true,"right_gravity":true,"end_right_gravity":false,"virt_text_hide":false,"ns_id":3,"virt_text_repeat_linebreak":false,"hl_group":"OpencodeDiffAdd","virt_text":[["+","OpencodeDiffAdd"]],"virt_text_pos":"overlay","priority":5000}],[78,140,0,{"virt_text_pos":"win_col","virt_text":[["▌","OpencodeToolBorder"]],"virt_text_win_col":-1,"right_gravity":true,"priority":4096,"virt_text_hide":false,"ns_id":3,"virt_text_repeat_linebreak":true}],[79,141,0,{"end_col":0,"end_row":142,"hl_eol":true,"right_gravity":true,"end_right_gravity":false,"virt_text_hide":false,"ns_id":3,"virt_text_repeat_linebreak":false,"hl_group":"OpencodeDiffAdd","virt_text":[["+","OpencodeDiffAdd"]],"virt_text_pos":"overlay","priority":5000}],[80,141,0,{"virt_text_pos":"win_col","virt_text":[["▌","OpencodeToolBorder"]],"virt_text_win_col":-1,"right_gravity":true,"priority":4096,"virt_text_hide":false,"ns_id":3,"virt_text_repeat_linebreak":true}],[81,142,0,{"end_col":0,"end_row":143,"hl_eol":true,"right_gravity":true,"end_right_gravity":false,"virt_text_hide":false,"ns_id":3,"virt_text_repeat_linebreak":false,"hl_group":"OpencodeDiffAdd","virt_text":[["+","OpencodeDiffAdd"]],"virt_text_pos":"overlay","priority":5000}],[82,142,0,{"virt_text_pos":"win_col","virt_text":[["▌","OpencodeToolBorder"]],"virt_text_win_col":-1,"right_gravity":true,"priority":4096,"virt_text_hide":false,"ns_id":3,"virt_text_repeat_linebreak":true}],[83,143,0,{"virt_text_pos":"win_col","virt_text":[["▌","OpencodeToolBorder"]],"virt_text_win_col":-1,"right_gravity":true,"priority":4096,"virt_text_hide":false,"ns_id":3,"virt_text_repeat_linebreak":true}],[84,144,0,{"virt_text_pos":"win_col","virt_text":[["▌","OpencodeToolBorder"]],"virt_text_win_col":-1,"right_gravity":true,"priority":4096,"virt_text_hide":false,"ns_id":3,"virt_text_repeat_linebreak":true}],[85,145,0,{"virt_text_pos":"win_col","virt_text":[["▌","OpencodeToolBorder"]],"virt_text_win_col":-1,"right_gravity":true,"priority":4096,"virt_text_hide":false,"ns_id":3,"virt_text_repeat_linebreak":true}],[86,146,0,{"virt_text_pos":"win_col","virt_text":[["▌","OpencodeToolBorder"]],"virt_text_win_col":-1,"right_gravity":true,"priority":4096,"virt_text_hide":false,"ns_id":3,"virt_text_repeat_linebreak":true}],[87,147,0,{"virt_text_pos":"win_col","virt_text":[["▌","OpencodeToolBorder"]],"virt_text_win_col":-1,"right_gravity":true,"priority":4096,"virt_text_hide":false,"ns_id":3,"virt_text_repeat_linebreak":true}],[88,148,0,{"virt_text_pos":"win_col","virt_text":[["▌","OpencodeToolBorder"]],"virt_text_win_col":-1,"right_gravity":true,"priority":4096,"virt_text_hide":false,"ns_id":3,"virt_text_repeat_linebreak":true}],[89,149,0,{"virt_text_pos":"win_col","virt_text":[["▌","OpencodeToolBorder"]],"virt_text_win_col":-1,"right_gravity":true,"priority":4096,"virt_text_hide":false,"ns_id":3,"virt_text_repeat_linebreak":true}],[90,150,0,{"virt_text_pos":"win_col","virt_text":[["▌","OpencodeToolBorder"]],"virt_text_win_col":-1,"right_gravity":true,"priority":4096,"virt_text_hide":false,"ns_id":3,"virt_text_repeat_linebreak":true}]],"timestamp":1760658428,"lines":["","----","","","the type for _calculate_revert_stats is wrong, i think? because it comes from state.messages. can you fix?","","[lua/opencode/ui/session_formatter.lua](lua/opencode/ui/session_formatter.lua)","","----","","","Looking at the code, I can see the issue. The function `_calculate_revert_stats` is called at line 64, but there's a type annotation issue at line 99 and line 228.","","At line 228, the code accesses `msg.info.role`, but the parameter is typed as `messages` which is `Message[]`. The `Message` type likely has a nested `info` structure, which is correct.","","However, line 99 has an outdated type annotation that references a `message` parameter (singular) when the commented-out function actually doesn't exist anymore.","","Let me check the Message type structure and fix the type annotation:","","**  grep** `*.lua` `---@class Message`","Found `0` matches","","> [!ERROR] Error: ripgrep failed: rg: unrecognized flag ---@class Message","","----","","","**  grep** `*.lua` `@class Message`","Found `4` matches","","----","","","**  read** `types.lua`","","----","","","Now I can see the issue clearly. The `Message` type doesn't have an `info` field at the root - it has `role` directly. But in the `_calculate_revert_stats` function at line 228, it's accessing `msg.info.role`. ","","Let me check how messages are actually structured in the state:","","**  run** `Check how msg.info is accessed in the file`","","```bash","> cd /Users/cam/Dev/neovim-dev/opencode.nvim && rg \"msg\\.info\\.\" -A 2 -B 2 lua/opencode/ui/session_formatter.lua | head -40","```","","----","","","I see - the messages in `state.messages` actually have an `info` field. The type definition in `types.lua` might be incomplete or different. Let me check the actual structure by looking at how messages come from the API:","","**  read** `types.lua`","","----","","","The `Message` type definition doesn't match the actual structure used in the code. Looking at the usage, messages have an `info` field that contains the metadata. Let me search for a different type definition:","","**  run** `Check info field usage patterns`","","```bash","> cd /Users/cam/Dev/neovim-dev/opencode.nvim && rg \"info.*providerID\\|info.*role\\|info.*id\" lua/opencode/ui/session_formatter.lua | head -10","```","","----","","","**  run** `Find all info field accesses`","","```bash","> cd /Users/cam/Dev/neovim-dev/opencode.nvim && rg \"\\.info\\.\" lua/opencode/ui/session_formatter.lua | head -15","```","","----","","","The actual structure has `msg.info` wrapping the message metadata. Let me look for an `info` type or see how the structure is defined:","","**  run** `Search for Info type definitions`","","```bash","> cd /Users/cam/Dev/neovim-dev/opencode.nvim && rg \"@class.*Info|@field info\" lua/opencode/types.lua","```","","----","","","Let me check the actual message structure by looking at the session module:","","**  run** `Check how info is constructed`","","```bash","> cd /Users/cam/Dev/neovim-dev/opencode.nvim && rg \"info\\s*=\" lua/opencode/session.lua | head -10","```","","----","","","Let me look at how messages are actually shaped in practice by checking test data:","","**  read** `simple-session.json`","","----","","","Perfect! Now I can see the actual structure. Messages have an `info` field that contains metadata like `id`, `role`, `sessionID`, etc. The `Message` type definition in `types.lua` is incomplete - it's missing the `info` field wrapper.","","Now I understand the issue. Looking back at the error:","- Line 99: References undefined param `message` (this is in commented-out code)","- Line 228: References `msg.info` field which isn't in the type definition","","The fix is to update the `Message` type to include the `info` field. Let me check the complete structure:","","**  edit** `types.lua`","","```lua"," ---@field range? { from: number, to: number } Optional range for the action"," "," ---@alias OutputExtmark vim.api.keyset.set_extmark|fun():vim.api.keyset.set_extmark"," "," ---@class Message"," ---@class MessageInfo"," ---@field id string Unique message identifier"," ---@field sessionID string Unique session identifier"," ---@field tokens MessageTokenCount Token usage statistics"," ---@field parts MessagePart[] Array of message parts"," ---@field system string[] System messages"," ---@field time { created: number, completed: number } Timestamps"," ---@field cost number Cost of the message"," ---@field path { cwd: string, root: string } Working directory paths"," ---@field modelID string Model identifier","@@ -253,8 +251,13 @@"," ---@field system_role string|nil Role defined in system messages"," ---@field mode string|nil Agent or mode identifier"," ---@field error table"," "," ---@class Message"," ---@field info MessageInfo Message metadata"," ---@field parts MessagePart[] Array of message parts"," ---@field system string[] System messages"," "," ---@class RestorePoint"," ---@field id string Unique restore point identifier"," ---@field from_snapshot_id string|nil ID of the snapshot this restore point is based on"," ---@field files string[] List of file paths included in the restore point","","```","","> [!ERROR] Error: The user rejected permission to use this specific tool call. You may try again with different parameters.",""]}