{"timestamp":1760310663,"lines":["","---","","","add a file, test.txt, with \":)\" in it","","---","","","**  write** `test.txt`","","```txt",":)","```","","","**󰻛  Created Snapshot** `c78fb2dd`","","---","",""],"extmarks":[[1,2,0,{"virt_text_win_col":-3,"right_gravity":true,"virt_text_pos":"win_col","ns_id":3,"priority":10,"virt_text_hide":false,"virt_text":[["▌󰭻 ","OpencodeMessageRoleUser"],[" "],["USER","OpencodeMessageRoleUser"],["","OpencodeHint"],[" (2025-10-11 22:43:49)","OpencodeHint"],[" [msg_9d6f253910015UFmkGkiWtUsRW]","OpencodeHint"]],"virt_text_repeat_linebreak":false}],[2,3,0,{"virt_text_win_col":-3,"right_gravity":true,"virt_text_pos":"win_col","ns_id":3,"priority":4096,"virt_text_hide":false,"virt_text":[["▌","OpencodeMessageRoleUser"]],"virt_text_repeat_linebreak":true}],[3,4,0,{"virt_text_win_col":-3,"right_gravity":true,"virt_text_pos":"win_col","ns_id":3,"priority":4096,"virt_text_hide":false,"virt_text":[["▌","OpencodeMessageRoleUser"]],"virt_text_repeat_linebreak":true}],[4,7,0,{"virt_text_win_col":-3,"right_gravity":true,"virt_text_pos":"win_col","ns_id":3,"priority":10,"virt_text_hide":false,"virt_text":[[" ","OpencodeMessageRoleAssistant"],[" "],["BUILD","OpencodeMessageRoleAssistant"],[" claude-sonnet-4.5","OpencodeHint"],[" (2025-10-11 22:43:49)","OpencodeHint"],[" [msg_9d6f253df001TjqxW12FAjGf5s]","OpencodeHint"]],"virt_text_repeat_linebreak":false}],[27,9,0,{"virt_text_win_col":-1,"right_gravity":true,"virt_text_pos":"win_col","ns_id":3,"priority":4096,"virt_text_hide":false,"virt_text":[["▌","OpencodeToolBorder"]],"virt_text_repeat_linebreak":true}],[28,10,0,{"virt_text_win_col":-1,"right_gravity":true,"virt_text_pos":"win_col","ns_id":3,"priority":4096,"virt_text_hide":false,"virt_text":[["▌","OpencodeToolBorder"]],"virt_text_repeat_linebreak":true}],[29,11,0,{"virt_text_win_col":-1,"right_gravity":true,"virt_text_pos":"win_col","ns_id":3,"priority":4096,"virt_text_hide":false,"virt_text":[["▌","OpencodeToolBorder"]],"virt_text_repeat_linebreak":true}],[30,12,0,{"virt_text_win_col":-1,"right_gravity":true,"virt_text_pos":"win_col","ns_id":3,"priority":4096,"virt_text_hide":false,"virt_text":[["▌","OpencodeToolBorder"]],"virt_text_repeat_linebreak":true}],[31,13,0,{"virt_text_win_col":-1,"right_gravity":true,"virt_text_pos":"win_col","ns_id":3,"priority":4096,"virt_text_hide":false,"virt_text":[["▌","OpencodeToolBorder"]],"virt_text_repeat_linebreak":true}],[32,14,0,{"virt_text_win_col":-1,"right_gravity":true,"virt_text_pos":"win_col","ns_id":3,"priority":4096,"virt_text_hide":false,"virt_text":[["▌","OpencodeToolBorder"]],"virt_text_repeat_linebreak":true}],[33,19,0,{"virt_text_win_col":-3,"right_gravity":true,"virt_text_pos":"win_col","ns_id":3,"priority":10,"virt_text_hide":false,"virt_text":[[" ","OpencodeMessageRoleAssistant"],[" "],["BUILD","OpencodeMessageRoleAssistant"],[" claude-sonnet-4.5","OpencodeHint"],[" (2025-10-11 22:44:00)","OpencodeHint"],[" [msg_9d6f27f4800103Tp3N6i6JW53p]","OpencodeHint"]],"virt_text_repeat_linebreak":false}]]}