{"timestamp":1760472142,"extmarks":[[1,2,0,{"right_gravity":true,"virt_text_pos":"win_col","virt_text_hide":false,"virt_text":[["▌󰭻 ","OpencodeMessageRoleUser"],[" "],["USER","OpencodeMessageRoleUser"],["","OpencodeHint"],[" (2025-10-11 17:41:45)","OpencodeHint"],[" [msg_9d45d40c9001s7A1sP3Ew537QN]","OpencodeHint"]],"virt_text_repeat_linebreak":false,"virt_text_win_col":-3,"priority":10,"ns_id":3}],[2,3,0,{"right_gravity":true,"virt_text_pos":"win_col","virt_text_hide":false,"virt_text":[["▌","OpencodeMessageRoleUser"]],"virt_text_repeat_linebreak":true,"virt_text_win_col":-3,"priority":4096,"ns_id":3}],[3,4,0,{"right_gravity":true,"virt_text_pos":"win_col","virt_text_hide":false,"virt_text":[["▌","OpencodeMessageRoleUser"]],"virt_text_repeat_linebreak":true,"virt_text_win_col":-3,"priority":4096,"ns_id":3}],[4,5,0,{"right_gravity":true,"virt_text_pos":"win_col","virt_text_hide":false,"virt_text":[["▌","OpencodeMessageRoleUser"]],"virt_text_repeat_linebreak":true,"virt_text_win_col":-3,"priority":4096,"ns_id":3}],[5,6,0,{"right_gravity":true,"virt_text_pos":"win_col","virt_text_hide":false,"virt_text":[["▌","OpencodeMessageRoleUser"]],"virt_text_repeat_linebreak":true,"virt_text_win_col":-3,"priority":4096,"ns_id":3}],[6,9,0,{"right_gravity":true,"virt_text_pos":"win_col","virt_text_hide":false,"virt_text":[[" ","OpencodeMessageRoleAssistant"],[" "],["PLAN","OpencodeMessageRoleAssistant"],[" claude-sonnet-4","OpencodeHint"],[" (2025-10-11 17:41:45)","OpencodeHint"],[" [msg_9d45d411b00254Lm5jVRwAeQxT]","OpencodeHint"]],"virt_text_repeat_linebreak":false,"virt_text_win_col":-3,"priority":10,"ns_id":3}],[12,13,0,{"right_gravity":true,"virt_text_pos":"win_col","virt_text_hide":false,"virt_text":[["▌","OpencodeToolBorder"]],"virt_text_repeat_linebreak":true,"virt_text_win_col":-1,"priority":4096,"ns_id":3}],[13,14,0,{"right_gravity":true,"virt_text_pos":"win_col","virt_text_hide":false,"virt_text":[["▌","OpencodeToolBorder"]],"virt_text_repeat_linebreak":true,"virt_text_win_col":-1,"priority":4096,"ns_id":3}],[14,15,0,{"right_gravity":true,"virt_text_pos":"win_col","virt_text_hide":false,"virt_text":[["▌","OpencodeToolBorder"]],"virt_text_repeat_linebreak":true,"virt_text_win_col":-1,"priority":4096,"ns_id":3}],[15,16,0,{"right_gravity":true,"virt_text_pos":"win_col","virt_text_hide":false,"virt_text":[["▌","OpencodeToolBorder"]],"virt_text_repeat_linebreak":true,"virt_text_win_col":-1,"priority":4096,"ns_id":3}],[16,17,0,{"right_gravity":true,"virt_text_pos":"win_col","virt_text_hide":false,"virt_text":[["▌","OpencodeToolBorder"]],"virt_text_repeat_linebreak":true,"virt_text_win_col":-1,"priority":4096,"ns_id":3}],[17,20,0,{"right_gravity":true,"virt_text_pos":"win_col","virt_text_hide":false,"virt_text":[[" ","OpencodeMessageRoleAssistant"],[" "],["PLAN","OpencodeMessageRoleAssistant"],[" claude-sonnet-4","OpencodeHint"],[" (2025-10-11 17:41:51)","OpencodeHint"],[" [msg_9d45d585800269UgJnOLD8i2pF]","OpencodeHint"]],"virt_text_repeat_linebreak":false,"virt_text_win_col":-3,"priority":10,"ns_id":3}],[18,25,0,{"right_gravity":true,"virt_text_pos":"win_col","virt_text_hide":false,"virt_text":[[" ","OpencodeMessageRoleAssistant"],[" "],["PLAN","OpencodeMessageRoleAssistant"],[" claude-sonnet-4","OpencodeHint"],[" (2025-10-11 17:41:54)","OpencodeHint"],[" [msg_9d45d65b40026mDvwR5cCGTA30]","OpencodeHint"]],"virt_text_repeat_linebreak":false,"virt_text_win_col":-3,"priority":10,"ns_id":3}],[24,27,0,{"right_gravity":true,"virt_text_pos":"win_col","virt_text_hide":false,"virt_text":[["▌","OpencodeToolBorder"]],"virt_text_repeat_linebreak":true,"virt_text_win_col":-1,"priority":4096,"ns_id":3}],[25,28,0,{"right_gravity":true,"virt_text_pos":"win_col","virt_text_hide":false,"virt_text":[["▌","OpencodeToolBorder"]],"virt_text_repeat_linebreak":true,"virt_text_win_col":-1,"priority":4096,"ns_id":3}],[26,29,0,{"right_gravity":true,"virt_text_pos":"win_col","virt_text_hide":false,"virt_text":[["▌","OpencodeToolBorder"]],"virt_text_repeat_linebreak":true,"virt_text_win_col":-1,"priority":4096,"ns_id":3}],[27,30,0,{"right_gravity":true,"virt_text_pos":"win_col","virt_text_hide":false,"virt_text":[["▌","OpencodeToolBorder"]],"virt_text_repeat_linebreak":true,"virt_text_win_col":-1,"priority":4096,"ns_id":3}],[28,31,0,{"right_gravity":true,"virt_text_pos":"win_col","virt_text_hide":false,"virt_text":[["▌","OpencodeToolBorder"]],"virt_text_repeat_linebreak":true,"virt_text_win_col":-1,"priority":4096,"ns_id":3}],[29,34,0,{"right_gravity":true,"virt_text_pos":"win_col","virt_text_hide":false,"virt_text":[[" ","OpencodeMessageRoleAssistant"],[" "],["PLAN","OpencodeMessageRoleAssistant"],[" claude-sonnet-4","OpencodeHint"],[" (2025-10-11 17:41:58)","OpencodeHint"],[" [msg_9d45d7390002yE2ve5szXtMdw0]","OpencodeHint"]],"virt_text_repeat_linebreak":false,"virt_text_win_col":-3,"priority":10,"ns_id":3}]],"lines":["","----","","","can you make a new neovim plugin for me?","","[a-empty.txt](a-empty.txt)","","----","","","I'll help you create a new Neovim plugin. Let me first examine your current setup and then create the plugin structure.","","**󰝖  plan** `4 todos`","- [ ] Examine existing Lua plugin structure ","- [ ] Create basic plugin directory structure ","- [ ] Write main plugin init.lua file ","- [ ] Create plugin documentation ","","----","","","**  read** `init.lua`","","----","","","**󰝖  plan** `3 todos`","- [x] Examine existing Lua plugin structure ","- [-] Create basic plugin directory structure ","- [ ] Write main plugin init.lua file ","- [ ] Create plugin documentation ","","----","","","What would you like your Neovim plugin to do? I can see you have an example plugin structure already. I'll need to know:","","1. What functionality you want the plugin to provide","2. What you'd like to name it","3. Any specific features or commands you want to include","","Once you provide these details, I can create a complete plugin structure for you based on the pattern I see in your existing example-plugin.",""]}