{"timestamp":1760472144,"lines":["","----","","","**  tool** `invalid`","","> [!ERROR]",">","> Invalid input for tool edit: JSON parsing failed: Text: {\"filePath\": \"/Users/cam/Dev/neovim-dev/opencode.nvim/lua/opencode/ui/streaming_renderer.lua\", \"newString\": \"---Event handler for permission.replied events\\n---Re-renders part after permission is resolved\\n---@param event table Event object\\nfunctio.","> Error message: JSON Parse error: Unterminated string",""],"extmarks":[[1,2,0,{"ns_id":3,"right_gravity":true,"virt_text":[[" ","OpencodeMessageRoleAssistant"],[" "],["BUILD","OpencodeMessageRoleAssistant"],[" claude-sonnet-4.5","OpencodeHint"],[" (2025-10-13 20:10:06)","OpencodeHint"],[" [msg_9df31cc90001HGn2UbFUgqJnLr]","OpencodeHint"]],"virt_text_hide":false,"priority":10,"virt_text_repeat_linebreak":false,"virt_text_win_col":-3,"virt_text_pos":"win_col"}],[8,4,0,{"ns_id":3,"right_gravity":true,"virt_text":[["▌","OpencodeToolBorder"]],"virt_text_hide":false,"priority":4096,"virt_text_repeat_linebreak":true,"virt_text_win_col":-1,"virt_text_pos":"win_col"}],[9,5,0,{"ns_id":3,"right_gravity":true,"virt_text":[["▌","OpencodeToolBorder"]],"virt_text_hide":false,"priority":4096,"virt_text_repeat_linebreak":true,"virt_text_win_col":-1,"virt_text_pos":"win_col"}],[10,6,0,{"ns_id":3,"right_gravity":true,"virt_text":[["▌","OpencodeToolBorder"]],"virt_text_hide":false,"priority":4096,"virt_text_repeat_linebreak":true,"virt_text_win_col":-1,"virt_text_pos":"win_col"}],[11,7,0,{"ns_id":3,"right_gravity":true,"virt_text":[["▌","OpencodeToolBorder"]],"virt_text_hide":false,"priority":4096,"virt_text_repeat_linebreak":true,"virt_text_win_col":-1,"virt_text_pos":"win_col"}],[12,8,0,{"ns_id":3,"right_gravity":true,"virt_text":[["▌","OpencodeToolBorder"]],"virt_text_hide":false,"priority":4096,"virt_text_repeat_linebreak":true,"virt_text_win_col":-1,"virt_text_pos":"win_col"}],[13,9,0,{"ns_id":3,"right_gravity":true,"virt_text":[["▌","OpencodeToolBorder"]],"virt_text_hide":false,"priority":4096,"virt_text_repeat_linebreak":true,"virt_text_win_col":-1,"virt_text_pos":"win_col"}]]}